# Bake Begins!
### (1 of 6) Copy sources
$ cp -a /home/travis/build/fontdirectory/nanumgothic/METADATA.json /home/travis/build/fontdirectory/nanumgothic/builds/build
$ cp -a /home/travis/build/fontdirectory/nanumgothic/DESCRIPTION.en_us.html /home/travis/build/fontdirectory/nanumgothic/builds/build
$ cp -a NanumGothic-Regular.ttf.ttx NanumGothic-ExtraBold.ttf.ttx NanumGothic-Bold.ttf.ttx NanumGothic-Regular.ttf._p_r_e_p.ttx NanumGothic-Regular.ttf._p_o_s_t.ttx NanumGothic-Regular.ttf._n_a_m_e.ttx NanumGothic-Regular.ttf._m_a_x_p.ttx NanumGothic-Regular.ttf._l_o_c_a.ttx NanumGothic-Regular.ttf._k_e_r_n.ttx NanumGothic-Regular.ttf._h_m_t_x.ttx NanumGothic-Regular.ttf._h_h_e_a.ttx NanumGothic-Regular.ttf._h_e_a_d.ttx NanumGothic-Regular.ttf._g_l_y_f.ttx NanumGothic-Regular.ttf._g_a_s_p.ttx NanumGothic-Regular.ttf._f_p_g_m.ttx NanumGothic-Regular.ttf._c_v_t.ttx NanumGothic-Regular.ttf._c_m_a_p.ttx NanumGothic-Regular.ttf.O_S_2f_2.ttx NanumGothic-Regular.ttf.GlyphOrder.ttx NanumGothic-ExtraBold.ttf._p_r_e_p.ttx NanumGothic-ExtraBold.ttf._p_o_s_t.ttx NanumGothic-ExtraBold.ttf._n_a_m_e.ttx NanumGothic-ExtraBold.ttf._m_a_x_p.ttx NanumGothic-ExtraBold.ttf._l_o_c_a.ttx NanumGothic-ExtraBold.ttf._k_e_r_n.ttx NanumGothic-ExtraBold.ttf._h_m_t_x.ttx NanumGothic-ExtraBold.ttf._h_h_e_a.ttx NanumGothic-ExtraBold.ttf._h_e_a_d.ttx NanumGothic-ExtraBold.ttf._g_l_y_f.ttx NanumGothic-ExtraBold.ttf._g_a_s_p.ttx NanumGothic-ExtraBold.ttf._f_p_g_m.ttx NanumGothic-ExtraBold.ttf._c_v_t.ttx NanumGothic-ExtraBold.ttf._c_m_a_p.ttx NanumGothic-ExtraBold.ttf.O_S_2f_2.ttx NanumGothic-ExtraBold.ttf.GlyphOrder.ttx NanumGothic-Bold.ttf._p_r_e_p.ttx NanumGothic-Bold.ttf._p_o_s_t.ttx NanumGothic-Bold.ttf._n_a_m_e.ttx NanumGothic-Bold.ttf._m_a_x_p.ttx NanumGothic-Bold.ttf._l_o_c_a.ttx NanumGothic-Bold.ttf._k_e_r_n.ttx NanumGothic-Bold.ttf._h_m_t_x.ttx NanumGothic-Bold.ttf._h_h_e_a.ttx NanumGothic-Bold.ttf._h_e_a_d.ttx NanumGothic-Bold.ttf._g_l_y_f.ttx NanumGothic-Bold.ttf._g_a_s_p.ttx NanumGothic-Bold.ttf._f_p_g_m.ttx NanumGothic-Bold.ttf._c_v_t.ttx NanumGothic-Bold.ttf._c_m_a_p.ttx NanumGothic-Bold.ttf.O_S_2f_2.ttx NanumGothic-Bold.ttf.GlyphOrder.ttx /home/travis/build/fontdirectory/nanumgothic/builds/build/sources
### (2 of 6) pyfontaine
### (3 of 6) Run upstream tests
$ fontbakery-check.py upstream-repo sources
$ fontaine --collections subsets --text /home/travis/build/fontdirectory/nanumgothic/builds/build/sources/NanumGothic-Bold.ttf.ttx /home/travis/build/fontdirectory/nanumgothic/builds/build/sources/NanumGothic-ExtraBold.ttf.ttx /home/travis/build/fontdirectory/nanumgothic/builds/build/sources/NanumGothic-Regular.ttf.ttx > fontaine.txt
WARNING: Please install [PyICU](https://pypi.python.org/pypi/PyICU) toenable [feature], perhaps with: pip install pyicu
bakery_lint.tests.upstream.test_prepolation.FontTestPrepolation.test_font_prepolation_glyph_contours(): OK
end of pyfontaine process
bakery_lint.tests.upstream.test_prepolation.FontTestPrepolation.test_font_prepolation_glyph_points(): OK
bakery_lint.tests.upstream.test_prepolation.FontTestPrepolation.test_font_test_prepolation_glyph_names(): OK
bakery_lint.tests.upstream.test_diacritic.TestDiacritic.test_diacritic_made_as_component(): OK
bakery_lint.tests.upstream.test_diacritic.TestDiacritic.test_diacritic_made_as_mark_to_mark(): OK
bakery_lint.tests.upstream.test_diacritic.TestDiacritic.test_diacritic_made_as_own_glyphs(): OK
bakery_lint.tests.upstream.test_check_upstream_sources.ProjectUpstreamTestCase.test_bakery_yaml_exists(): OK
bakery_lint.tests.upstream.test_check_upstream_sources.ProjectUpstreamTestCase.test_copyright_notices_same_across_family(): OK
bakery_lint.tests.upstream.test_check_upstream_sources.ProjectUpstreamTestCase.test_description_html_exists(): OK
bakery_lint.tests.upstream.test_check_upstream_sources.ProjectUpstreamTestCase.test_fontlog_txt_exists(): FAIL
bakery_lint.tests.upstream.test_check_upstream_sources.ProjectUpstreamTestCase.test_metadata_json_exists(): OK
$ fontbakery-check.py upstream-ttx NanumGothic-Bold.ttf.ttx
bakery_lint.tests.upstream.test_glyphname_does_not_contain_disallowed_chars.TestGlyphNameDoesNotContainsDisallowedChars.test_glyphname_does_not_contain_disallowed_chars(): OK
bakery_lint.tests.upstream.test_font_filename_eq_familystyle.TestTTFSourceFontFileNameEqualsFamilyStyle.test_source_ttf_font_filename_equals_familystyle(): FAIL
$ mv /home/travis/build/fontdirectory/nanumgothic/builds/build/sources/NanumGothic-Bold.ttf.ttx /home/travis/build/fontdirectory/nanumgothic/builds/build/sources/NanumGothic-Bold.ttx
bakery_lint.tests.upstream.test_font_filename_eq_familystyle.TestTTFSourceFontFileNameEqualsFamilyStyle.test_source_ttf_font_filename_equals_familystyle(): OK
bakery_lint.tests.upstream.test_check_ttx_requirements.SourceTTXTest.test_epar_in_keys(): FAIL
bakery_lint.tests.upstream.test_check_ttx_requirements.SourceTTXTest.test_os2_in_keys(): OK
bakery_lint.tests.upstream.test_check_ttx_requirements.SourceTTXTest.test_ttx_doesnt_contain_duplicate_glyphs(): OK
bakery_lint.tests.upstream.test_check_ttx_fontfamily_recommendations.TTX_FontFamilyNamingTest.test_ttx_family_naming_recommendation(): OK
$ fontbakery-check.py upstream-ttx NanumGothic-ExtraBold.ttf.ttx
bakery_lint.tests.upstream.test_glyphname_does_not_contain_disallowed_chars.TestGlyphNameDoesNotContainsDisallowedChars.test_glyphname_does_not_contain_disallowed_chars(): OK
bakery_lint.tests.upstream.test_font_filename_eq_familystyle.TestTTFSourceFontFileNameEqualsFamilyStyle.test_source_ttf_font_filename_equals_familystyle(): FAIL
$ mv /home/travis/build/fontdirectory/nanumgothic/builds/build/sources/NanumGothic-ExtraBold.ttf.ttx /home/travis/build/fontdirectory/nanumgothic/builds/build/sources/NanumGothic-ExtraBold.ttx
bakery_lint.tests.upstream.test_font_filename_eq_familystyle.TestTTFSourceFontFileNameEqualsFamilyStyle.test_source_ttf_font_filename_equals_familystyle(): OK
bakery_lint.tests.upstream.test_check_ttx_requirements.SourceTTXTest.test_epar_in_keys(): FAIL
bakery_lint.tests.upstream.test_check_ttx_requirements.SourceTTXTest.test_os2_in_keys(): OK
bakery_lint.tests.upstream.test_check_ttx_requirements.SourceTTXTest.test_ttx_doesnt_contain_duplicate_glyphs(): OK
bakery_lint.tests.upstream.test_check_ttx_fontfamily_recommendations.TTX_FontFamilyNamingTest.test_ttx_family_naming_recommendation(): OK
$ fontbakery-check.py upstream-ttx NanumGothic-Regular.ttf.ttx
bakery_lint.tests.upstream.test_glyphname_does_not_contain_disallowed_chars.TestGlyphNameDoesNotContainsDisallowedChars.test_glyphname_does_not_contain_disallowed_chars(): OK
bakery_lint.tests.upstream.test_font_filename_eq_familystyle.TestTTFSourceFontFileNameEqualsFamilyStyle.test_source_ttf_font_filename_equals_familystyle(): FAIL
$ mv /home/travis/build/fontdirectory/nanumgothic/builds/build/sources/NanumGothic-Regular.ttf.ttx /home/travis/build/fontdirectory/nanumgothic/builds/build/sources/NanumGothic-Regular.ttx
bakery_lint.tests.upstream.test_font_filename_eq_familystyle.TestTTFSourceFontFileNameEqualsFamilyStyle.test_source_ttf_font_filename_equals_familystyle(): OK
bakery_lint.tests.upstream.test_check_ttx_requirements.SourceTTXTest.test_epar_in_keys(): FAIL
bakery_lint.tests.upstream.test_check_ttx_requirements.SourceTTXTest.test_os2_in_keys(): OK
bakery_lint.tests.upstream.test_check_ttx_requirements.SourceTTXTest.test_ttx_doesnt_contain_duplicate_glyphs(): OK
bakery_lint.tests.upstream.test_check_ttx_fontfamily_recommendations.TTX_FontFamilyNamingTest.test_ttx_family_naming_recommendation(): OK
### (4 of 6) Convert sources to TTF
$ ttx -d /home/travis/build/fontdirectory/nanumgothic/builds/build /home/travis/build/fontdirectory/nanumgothic/builds/build/sources/NanumGothic-Regular.ttx /home/travis/build/fontdirectory/nanumgothic/builds/build/sources/NanumGothic-ExtraBold.ttx /home/travis/build/fontdirectory/nanumgothic/builds/build/sources/NanumGothic-Bold.ttx
Compiling "/home/travis/build/fontdirectory/nanumgothic/builds/build/sources/NanumGothic-Regular.ttx" to "/home/travis/build/fontdirectory/nanumgothic/builds/build/NanumGothic-Regular.ttf"...
Parsing 'GlyphOrder' table...
Parsing 'head' table...
Parsing 'hhea' table...
Parsing 'maxp' table...
Parsing 'OS/2' table...
Parsing 'hmtx' table...
Parsing 'cmap' table...
Parsing 'fpgm' table...
Parsing 'prep' table...
Parsing 'cvt ' table...
Parsing 'loca' table...
Parsing 'glyf' table...
Parsing 'kern' table...
Parsing 'name' table...
Parsing 'post' table...
Parsing 'gasp' table...
Compiling "/home/travis/build/fontdirectory/nanumgothic/builds/build/sources/NanumGothic-ExtraBold.ttx" to "/home/travis/build/fontdirectory/nanumgothic/builds/build/NanumGothic-ExtraBold.ttf"...
Parsing 'GlyphOrder' table...
Parsing 'head' table...
Parsing 'hhea' table...
Parsing 'maxp' table...
Parsing 'OS/2' table...
Parsing 'hmtx' table...
Parsing 'cmap' table...
Parsing 'fpgm' table...
Parsing 'prep' table...
Parsing 'cvt ' table...
Parsing 'loca' table...
Parsing 'glyf' table...
Parsing 'kern' table...
Parsing 'name' table...
Parsing 'post' table...
Parsing 'gasp' table...
Compiling "/home/travis/build/fontdirectory/nanumgothic/builds/build/sources/NanumGothic-Bold.ttx" to "/home/travis/build/fontdirectory/nanumgothic/builds/build/NanumGothic-Bold.ttf"...
Parsing 'GlyphOrder' table...
Parsing 'head' table...
Parsing 'hhea' table...
Parsing 'maxp' table...
Parsing 'OS/2' table...
Parsing 'hmtx' table...
Parsing 'cmap' table...
Parsing 'fpgm' table...
Parsing 'prep' table...
Parsing 'cvt ' table...
Parsing 'loca' table...
Parsing 'glyf' table...
Parsing 'kern' table...
Parsing 'name' table...
Parsing 'post' table...
Parsing 'gasp' table...
### Test NanumGothic-Regular.ttf
$ fontbakery-check.py result NanumGothic-Regular.ttf
bakery_lint.tests.downstream.test_names_are_ascii_only.CheckNamesAreASCIIOnly.test_check_names_are_ascii_only(): FAIL
$ fontbakery-fix-ascii-fontmetadata.py /home/travis/build/fontdirectory/nanumgothic/builds/build/NanumGothic-Regular.ttf
$ mv /home/travis/build/fontdirectory/nanumgothic/builds/build/NanumGothic-Regular.ttf.fix /home/travis/build/fontdirectory/nanumgothic/builds/build/NanumGothic-Regular.ttf
bakery_lint.tests.downstream.test_names_are_ascii_only.CheckNamesAreASCIIOnly.test_check_names_are_ascii_only(): OK
bakery_lint.tests.downstream.test_gpos_table_has_kerning_info.CheckGposTableHasKerningInfo.test_gpos_table_has_kerning_info(): FAIL
bakery_lint.tests.downstream.test_gasp_table_value.CheckGaspTableType.test_check_gasp_table_type(): OK
$ fontbakery-fix-gasp.py --set=15 /home/travis/build/fontdirectory/nanumgothic/builds/build/NanumGothic-Regular.ttf
$ mv /home/travis/build/fontdirectory/nanumgothic/builds/build/NanumGothic-Regular.ttf.fix /home/travis/build/fontdirectory/nanumgothic/builds/build/NanumGothic-Regular.ttf
Warning: Mac and Windows entries in the 'name' table differ for the
 Family string in the language Korean
 Mac String: 3a (r)in
Windows String: 2a
Warning: Mac and Windows entries in the 'name' table differ for the
 Fullname string in the language Korean
 Mac String: 3a (r)in
Windows String: 2a
Warning: Mac and Windows entries in the 'name' table differ for the
 Designer string in the language Korean
 Mac String: C14(r); 3eC; AO14oi;
Windows String: ; ; ;
bakery_lint.tests.downstream.test_fontforge_validation_state.FontForgeValidateStateTest.test_allowed_numbers_paths_in_composite_glyphs(): OK
bakery_lint.tests.downstream.test_fontforge_validation_state.FontForgeValidateStateTest.test_allowed_numbers_paths_in_glyphs(): OK
bakery_lint.tests.downstream.test_fontforge_validation_state.FontForgeValidateStateTest.test_allowed_numbers_points_in_composite_glyphs(): OK
bakery_lint.tests.downstream.test_fontforge_validation_state.FontForgeValidateStateTest.test_allowed_numbers_points_in_glyphs(): OK
bakery_lint.tests.downstream.test_fontforge_validation_state.FontForgeValidateStateTest.test_duplicate_glyphs(): OK
bakery_lint.tests.downstream.test_fontforge_validation_state.FontForgeValidateStateTest.test_duplicate_unicode_codepoints(): OK
bakery_lint.tests.downstream.test_fontforge_validation_state.FontForgeValidateStateTest.test_flipped_reference_in_glyphs(): OK
bakery_lint.tests.downstream.test_fontforge_validation_state.FontForgeValidateStateTest.test_missing_anchors(): OK
bakery_lint.tests.downstream.test_fontforge_validation_state.FontForgeValidateStateTest.test_missing_extrema_in_glyphs(): FAIL
bakery_lint.tests.downstream.test_fontforge_validation_state.FontForgeValidateStateTest.test_overlapped_hints(): OK
bakery_lint.tests.downstream.test_fontforge_validation_state.FontForgeValidateStateTest.test_points_are_integer_aligned(): OK
bakery_lint.tests.downstream.test_fontforge_validation_state.FontForgeValidateStateTest.test_points_are_not_too_far_apart(): OK
bakery_lint.tests.downstream.test_fontforge_validation_state.FontForgeValidateStateTest.test_postscript_hasnt_limit_hints_in_glyphs(): OK
bakery_lint.tests.downstream.test_fontforge_validation_state.FontForgeValidateStateTest.test_postscript_hasnt_limit_points_in_glyphs(): OK
bakery_lint.tests.downstream.test_fontforge_validation_state.FontForgeValidateStateTest.test_referenced_glyphs_are_present(): OK
bakery_lint.tests.downstream.test_fontforge_validation_state.FontForgeValidateStateTest.test_valid_glyph_names(): OK
bakery_lint.tests.downstream.test_fontforge_validation_state.FontForgeValidateStateTest.test_valid_length_instructions(): OK
bakery_lint.tests.downstream.test_fontforge_validation_state.FontForgeValidateStateTest.test_validation_glyph_intersect(): FAIL
bakery_lint.tests.downstream.test_fontforge_validation_state.FontForgeValidateStateTest.test_validation_open_contours(): OK
bakery_lint.tests.downstream.test_fontforge_validation_state.FontForgeValidateStateTest.test_wrong_direction_in_glyphs(): FAIL
bakery_lint.tests.downstream.test_check_vertical_metrics.CheckVerticalLinegapMetrics.test_metrics_linegaps_are_zero(): OK
bakery_lint.tests.downstream.test_check_vertical_metrics.CheckVerticalAscentMetrics.test_metrics_ascents_equal_bbox(): FAIL
$ fontbakery-fix-vertical-metrics.py --autofix /home/travis/build/fontdirectory/nanumgothic/builds/build/NanumGothic-Regular.ttf /home/travis/build/fontdirectory/nanumgothic/builds/build/NanumGothic-Bold.ttf /home/travis/build/fontdirectory/nanumgothic/builds/build/NanumGothic-ExtraBold.ttf
$ mv /home/travis/build/fontdirectory/nanumgothic/builds/build/NanumGothic-Regular.ttf.fix /home/travis/build/fontdirectory/nanumgothic/builds/build/NanumGothic-Regular.ttf
$ mv /home/travis/build/fontdirectory/nanumgothic/builds/build/NanumGothic-Bold.ttf.fix /home/travis/build/fontdirectory/nanumgothic/builds/build/NanumGothic-Bold.ttf
$ mv /home/travis/build/fontdirectory/nanumgothic/builds/build/NanumGothic-ExtraBold.ttf.fix /home/travis/build/fontdirectory/nanumgothic/builds/build/NanumGothic-ExtraBold.ttf
$ fontbakery-fix-vertical-metrics.py /home/travis/build/fontdirectory/nanumgothic/builds/build/NanumGothic-Regular.ttf /home/travis/build/fontdirectory/nanumgothic/builds/build/NanumGothic-Bold.ttf /home/travis/build/fontdirectory/nanumgothic/builds/build/NanumGothic-ExtraBold.ttf
Parameter              NanumGothic-Regular.ttf    NanumGothic-Bold.ttf    NanumGothic-ExtraBold.ttf    
ymax                   801                        809                     858                          
hhea.ascent            858                        858                     858                          
OS/2.sTypoAscender     858                        858                     858                          
OS/2.usWinAscent       858                        858                     858                          
ymin                   -200                       -207                    -223                         
hhea.descent           -223                       -223                    -223                         
OS/2.sTypoDescender    -223                       -223                    -223                         
OS/2.usWinDescent      223                        223                     223                          
hhea.lineGap           0                          0                       0                            
OS/2.sTypoLineGap      0                          0                       0                            
hhea total             1081                       1081                    1081                         
typo total             1081                       1081                    1081                         
win total              1081                       1081                    1081                         
UPM:Heights            1000:1001                  1000:1016               1000:1081                    
UPM:Heights %          100 %                      101 %                   108 %                        


bakery_lint.tests.downstream.test_check_vertical_metrics.CheckVerticalAscentMetrics.test_metrics_ascents_equal_bbox(): OK
bakery_lint.tests.downstream.test_check_vertical_metrics.CheckVerticalDescentMetrics.test_metrics_descents_equal_bbox(): OK
bakery_lint.tests.downstream.test_check_upm_heights_less_120.TestCheckUPMHeightsLess120.test_check_upm_heigths_less_120(): OK
bakery_lint.tests.downstream.test_check_unused_glyph_data.CheckUnusedGlyphData.test_check_unused_glyph_data(): ERROR
bakery_lint.tests.downstream.test_check_unencoded_glyph.TestFontUnencodedGlyph.test_font_unencoded_glyphs(): FAIL
$ fontbakery-fix-glyph-private-encoding.py --autofix /home/travis/build/fontdirectory/nanumgothic/builds/build/NanumGothic-Regular.ttf
$ mv /home/travis/build/fontdirectory/nanumgothic/builds/build/NanumGothic-Regular.ttf.fix /home/travis/build/fontdirectory/nanumgothic/builds/build/NanumGothic-Regular.ttf
bakery_lint.tests.downstream.test_check_unencoded_glyph.TestFontUnencodedGlyph.test_font_unencoded_glyphs(): FAIL
bakery_lint.tests.downstream.test_check_panose_identification.CheckPanoseIdentification.test_check_panose_identification(): OK
bakery_lint.tests.downstream.test_check_os2_width_class.CheckOS2WidthClass.test_check_os2_width_class(): OK
bakery_lint.tests.downstream.test_check_no_problematic_formats.CheckNoProblematicFormats.test_check_no_problematic_formats(): OK
bakery_lint.tests.downstream.test_check_nbsp_width_matches_sp_width.CheckNbspWidthMatchesSpWidth.test_check_nbsp_width_matches_sp_width(): FAIL
$ fontbakery-fix-nbsp.py /home/travis/build/fontdirectory/nanumgothic/builds/build/NanumGothic-Regular.ttf
$ mv /home/travis/build/fontdirectory/nanumgothic/builds/build/NanumGothic-Regular.ttf.fix /home/travis/build/fontdirectory/nanumgothic/builds/build/NanumGothic-Regular.ttf
bakery_lint.tests.downstream.test_check_nbsp_width_matches_sp_width.CheckNbspWidthMatchesSpWidth.test_check_nbsp_width_matches_sp_width(): FAIL
bakery_lint.tests.downstream.test_check_names_same_across_platforms.CheckNamesSameAcrossPlatforms.test_check_names_same_across_platforms(): OK
bakery_lint.tests.downstream.test_check_name_table_recommendation.CheckStyleNameRecommendation.test_check_stylename_is_under_recommendations(): OK
bakery_lint.tests.downstream.test_check_name_table_recommendation.CheckOTFamilyNameRecommendation.test_check_opentype_familyname(): OK
bakery_lint.tests.downstream.test_check_name_table_recommendation.CheckOTStyleNameRecommendation.test_check_opentype_stylename(): OK
bakery_lint.tests.downstream.test_check_name_table_recommendation.CheckOTFullNameRecommendation.test_check_opentype_fullname(): FAIL
$ fontbakery-fix-opentype-names.py /home/travis/build/fontdirectory/nanumgothic/builds/build/NanumGothic-Regular.ttf
$ mv /home/travis/build/fontdirectory/nanumgothic/builds/build/NanumGothic-Regular.ttf.fix /home/travis/build/fontdirectory/nanumgothic/builds/build/NanumGothic-Regular.ttf
bakery_lint.tests.downstream.test_check_name_table_recommendation.CheckOTFullNameRecommendation.test_check_opentype_fullname(): OK
bakery_lint.tests.downstream.test_check_magic_prep_code.CheckMagicPREPByteCode.test_prep_magic_code(): FAIL
bakery_lint.tests.downstream.test_check_license_included.CheckLicenseIncluded.test_license_included_in_font_names(): OK
bakery_lint.tests.downstream.test_check_italic_angle_agreement.CheckItalicAngleAgreement.test_check_italic_angle_agreement(): OK
bakery_lint.tests.downstream.test_check_hmtx_hhea_max_advance_width_agreement.CheckHmtxHheaMaxAdvanceWidthAgreement.test_check_hmtx_hhea_max_advance_width_agreement(): OK
bakery_lint.tests.downstream.test_check_glyph_existence.CheckGlyphExistence.test_euro(): OK
bakery_lint.tests.downstream.test_check_glyph_existence.CheckGlyphExistence.test_nbsp(): OK
bakery_lint.tests.downstream.test_check_glyph_existence.CheckGlyphExistence.test_space(): OK
bakery_lint.tests.downstream.test_check_glyf_table_length.CheckGlyfTableLength.test_check_glyf_table_length(): FAIL
bakery_lint.tests.downstream.test_check_full_font_name_begins_with_family_name.CheckFullFontNameBeginsWithFamilyName.test_check_full_font_name_begins_with_family_name(): OK
bakery_lint.tests.downstream.test_check_fontname_matches_macstyle.CheckFontNameEqualToMacStyleFlags.test_fontname_is_equal_to_macstyle(): FAIL
bakery_lint.tests.downstream.test_check_font_tables.CheckFontHasDsigTable.test_check_font_has_dsig_table(): FAIL
$ fontbakery-fix-dsig.py /home/travis/build/fontdirectory/nanumgothic/builds/build/NanumGothic-Regular.ttf
$ mv /home/travis/build/fontdirectory/nanumgothic/builds/build/NanumGothic-Regular.ttf.fix /home/travis/build/fontdirectory/nanumgothic/builds/build/NanumGothic-Regular.ttf
bakery_lint.tests.downstream.test_check_font_tables.CheckFontHasDsigTable.test_check_font_has_dsig_table(): OK
bakery_lint.tests.downstream.test_check_font_tables.CheckFontHasNotKernTable.test_no_kern_table_exists(): OK
bakery_lint.tests.downstream.test_check_font_agreements.CheckFsTypeIsNotSet.test_is_fstype_not_set(): FAIL
$ fontbakery-fix-fstype.py --autofix /home/travis/build/fontdirectory/nanumgothic/builds/build/NanumGothic-Regular.ttf
$ mv /home/travis/build/fontdirectory/nanumgothic/builds/build/NanumGothic-Regular.ttf.fix /home/travis/build/fontdirectory/nanumgothic/builds/build/NanumGothic-Regular.ttf
bakery_lint.tests.downstream.test_check_font_agreements.CheckFsTypeIsNotSet.test_is_fstype_not_set(): OK
$ fontbakery-fix-fstype.py --autofix /home/travis/build/fontdirectory/nanumgothic/builds/build/NanumGothic-Regular.ttf
$ mv /home/travis/build/fontdirectory/nanumgothic/builds/build/NanumGothic-Regular.ttf.fix /home/travis/build/fontdirectory/nanumgothic/builds/build/NanumGothic-Regular.ttf
bakery_lint.tests.downstream.test_check_font_agreements.CheckFontAgreements.test_em_is_1000(): OK
bakery_lint.tests.downstream.test_check_font_agreements.CheckFontAgreements.test_font_is_font(): OK
bakery_lint.tests.downstream.test_check_font_agreements.CheckFontAgreements.test_latin_file_exists(): FAIL
bakery_lint.tests.downstream.test_check_font_agreements.CheckFontAgreements.test_menu_file_exists(): FAIL
### Optimize TTF NanumGothic-Regular.ttf
$ ls -l 'NanumGothic-Regular.ttf'* # look at the size savings of that subset process
NanumGothic-Regular.ttf.opt: 2403540 bytes
NanumGothic-Regular.ttf: 2404716 bytes
$ mv /home/travis/build/fontdirectory/nanumgothic/builds/build/NanumGothic-Regular.ttf.opt /home/travis/build/fontdirectory/nanumgothic/builds/build/NanumGothic-Regular.ttf
### Autohint TTFs (ttfautohint) NanumGothic-Regular.ttf
$ ttfautohint -l 7 -r 28 -G 50 -x 13 -w "G" /home/travis/build/fontdirectory/nanumgothic/builds/build/NanumGothic-Regular.ttf '/home/travis/build/fontdirectory/nanumgothic/builds/build/NanumGothic-Regular.autohint.ttf'

$ ls -l /home/travis/build/fontdirectory/nanumgothic/builds/build/NanumGothic-Regular.*ttf # look at the size savings of that subset process
/home/travis/build/fontdirectory/nanumgothic/builds/build/NanumGothic-Regular.ttf: 2403540 bytes
/home/travis/build/fontdirectory/nanumgothic/builds/build/NanumGothic-Regular.autohint.ttf: 1893060 bytes
$ mv /home/travis/build/fontdirectory/nanumgothic/builds/build/NanumGothic-Regular.autohint.ttf /home/travis/build/fontdirectory/nanumgothic/builds/build/NanumGothic-Regular.ttf
### Subset TTFs (pyftsubset) NanumGothic-Regular.ttf
$ pyftsubset NanumGothic-Regular.latin
$ pyftsubset NanumGothic-Regular.menu
strippedname:/home/travis/build/fontdirectory/nanumgothic/builds/build/NanumGothic-Regular.ttf
spaceWidth is    280
nbspWidth is     280
Nothing to do
### Test NanumGothic-ExtraBold.ttf
$ fontbakery-check.py result NanumGothic-ExtraBold.ttf
bakery_lint.tests.downstream.test_names_are_ascii_only.CheckNamesAreASCIIOnly.test_check_names_are_ascii_only(): FAIL
$ fontbakery-fix-ascii-fontmetadata.py /home/travis/build/fontdirectory/nanumgothic/builds/build/NanumGothic-ExtraBold.ttf
$ mv /home/travis/build/fontdirectory/nanumgothic/builds/build/NanumGothic-ExtraBold.ttf.fix /home/travis/build/fontdirectory/nanumgothic/builds/build/NanumGothic-ExtraBold.ttf
bakery_lint.tests.downstream.test_names_are_ascii_only.CheckNamesAreASCIIOnly.test_check_names_are_ascii_only(): OK
bakery_lint.tests.downstream.test_gpos_table_has_kerning_info.CheckGposTableHasKerningInfo.test_gpos_table_has_kerning_info(): FAIL
bakery_lint.tests.downstream.test_gasp_table_value.CheckGaspTableType.test_check_gasp_table_type(): OK
$ fontbakery-fix-gasp.py --set=15 /home/travis/build/fontdirectory/nanumgothic/builds/build/NanumGothic-ExtraBold.ttf
$ mv /home/travis/build/fontdirectory/nanumgothic/builds/build/NanumGothic-ExtraBold.ttf.fix /home/travis/build/fontdirectory/nanumgothic/builds/build/NanumGothic-ExtraBold.ttf
Warning: Mac string is a subset of the Windows string in the 'name' table
 for the Family string in the English (US) language.
Warning: Mac and Windows entries in the 'name' table differ for the
 SubFamily string in the language English (US)
 Mac String: ExtraBold
Windows String: Regular
Warning: Mac and Windows entries in the 'name' table differ for the
 Fullname string in the language English (US)
 Mac String: NanumGothic ExtraBold
Windows String: NanumGothicExtraBold
Warning: Mac and Windows entries in the 'name' table differ for the
 Family string in the language Korean
 Mac String: 3a (r)in
Windows String:  ExtraBold
Warning: Mac and Windows entries in the 'name' table differ for the
 SubFamily string in the language Korean
 Mac String: ExtraBold
Windows String: Regular
Warning: Mac and Windows entries in the 'name' table differ for the
 Fullname string in the language Korean
 Mac String: 3a (r)in ExtraBold
Windows String:  ExtraBold
Warning: Mac and Windows entries in the 'name' table differ for the
 Designer string in the language Korean
 Mac String: C14(r); 3eC; AO14oi;
Windows String: ; ; ;
bakery_lint.tests.downstream.test_fontforge_validation_state.FontForgeValidateStateTest.test_allowed_numbers_paths_in_composite_glyphs(): OK
bakery_lint.tests.downstream.test_fontforge_validation_state.FontForgeValidateStateTest.test_allowed_numbers_paths_in_glyphs(): OK
bakery_lint.tests.downstream.test_fontforge_validation_state.FontForgeValidateStateTest.test_allowed_numbers_points_in_composite_glyphs(): OK
bakery_lint.tests.downstream.test_fontforge_validation_state.FontForgeValidateStateTest.test_allowed_numbers_points_in_glyphs(): OK
bakery_lint.tests.downstream.test_fontforge_validation_state.FontForgeValidateStateTest.test_duplicate_glyphs(): OK
bakery_lint.tests.downstream.test_fontforge_validation_state.FontForgeValidateStateTest.test_duplicate_unicode_codepoints(): OK
bakery_lint.tests.downstream.test_fontforge_validation_state.FontForgeValidateStateTest.test_flipped_reference_in_glyphs(): OK
bakery_lint.tests.downstream.test_fontforge_validation_state.FontForgeValidateStateTest.test_missing_anchors(): OK
bakery_lint.tests.downstream.test_fontforge_validation_state.FontForgeValidateStateTest.test_missing_extrema_in_glyphs(): FAIL
bakery_lint.tests.downstream.test_fontforge_validation_state.FontForgeValidateStateTest.test_overlapped_hints(): OK
bakery_lint.tests.downstream.test_fontforge_validation_state.FontForgeValidateStateTest.test_points_are_integer_aligned(): OK
bakery_lint.tests.downstream.test_fontforge_validation_state.FontForgeValidateStateTest.test_points_are_not_too_far_apart(): OK
bakery_lint.tests.downstream.test_fontforge_validation_state.FontForgeValidateStateTest.test_postscript_hasnt_limit_hints_in_glyphs(): OK
bakery_lint.tests.downstream.test_fontforge_validation_state.FontForgeValidateStateTest.test_postscript_hasnt_limit_points_in_glyphs(): OK
bakery_lint.tests.downstream.test_fontforge_validation_state.FontForgeValidateStateTest.test_referenced_glyphs_are_present(): OK
bakery_lint.tests.downstream.test_fontforge_validation_state.FontForgeValidateStateTest.test_valid_glyph_names(): OK
bakery_lint.tests.downstream.test_fontforge_validation_state.FontForgeValidateStateTest.test_valid_length_instructions(): OK
bakery_lint.tests.downstream.test_fontforge_validation_state.FontForgeValidateStateTest.test_validation_glyph_intersect(): FAIL
bakery_lint.tests.downstream.test_fontforge_validation_state.FontForgeValidateStateTest.test_validation_open_contours(): OK
bakery_lint.tests.downstream.test_fontforge_validation_state.FontForgeValidateStateTest.test_wrong_direction_in_glyphs(): FAIL
bakery_lint.tests.downstream.test_check_vertical_metrics.CheckVerticalLinegapMetrics.test_metrics_linegaps_are_zero(): OK
bakery_lint.tests.downstream.test_check_vertical_metrics.CheckVerticalAscentMetrics.test_metrics_ascents_equal_bbox(): OK
bakery_lint.tests.downstream.test_check_vertical_metrics.CheckVerticalDescentMetrics.test_metrics_descents_equal_bbox(): OK
bakery_lint.tests.downstream.test_check_upm_heights_less_120.TestCheckUPMHeightsLess120.test_check_upm_heigths_less_120(): OK
bakery_lint.tests.downstream.test_check_unused_glyph_data.CheckUnusedGlyphData.test_check_unused_glyph_data(): ERROR
bakery_lint.tests.downstream.test_check_unencoded_glyph.TestFontUnencodedGlyph.test_font_unencoded_glyphs(): ERROR
bakery_lint.tests.downstream.test_check_panose_identification.CheckPanoseIdentification.test_check_panose_identification(): OK
bakery_lint.tests.downstream.test_check_os2_width_class.CheckOS2WidthClass.test_check_os2_width_class(): OK
bakery_lint.tests.downstream.test_check_no_problematic_formats.CheckNoProblematicFormats.test_check_no_problematic_formats(): OK
bakery_lint.tests.downstream.test_check_nbsp_width_matches_sp_width.CheckNbspWidthMatchesSpWidth.test_check_nbsp_width_matches_sp_width(): FAIL
$ fontbakery-fix-nbsp.py /home/travis/build/fontdirectory/nanumgothic/builds/build/NanumGothic-ExtraBold.ttf
$ mv /home/travis/build/fontdirectory/nanumgothic/builds/build/NanumGothic-ExtraBold.ttf.fix /home/travis/build/fontdirectory/nanumgothic/builds/build/NanumGothic-ExtraBold.ttf
bakery_lint.tests.downstream.test_check_nbsp_width_matches_sp_width.CheckNbspWidthMatchesSpWidth.test_check_nbsp_width_matches_sp_width(): FAIL
bakery_lint.tests.downstream.test_check_names_same_across_platforms.CheckNamesSameAcrossPlatforms.test_check_names_same_across_platforms(): FAIL
bakery_lint.tests.downstream.test_check_name_table_recommendation.CheckStyleNameRecommendation.test_check_stylename_is_under_recommendations(): FAIL
$ fontbakery-fix-opentype-names.py /home/travis/build/fontdirectory/nanumgothic/builds/build/NanumGothic-ExtraBold.ttf
$ mv /home/travis/build/fontdirectory/nanumgothic/builds/build/NanumGothic-ExtraBold.ttf.fix /home/travis/build/fontdirectory/nanumgothic/builds/build/NanumGothic-ExtraBold.ttf
bakery_lint.tests.downstream.test_check_name_table_recommendation.CheckStyleNameRecommendation.test_check_stylename_is_under_recommendations(): FAIL
bakery_lint.tests.downstream.test_check_name_table_recommendation.CheckOTFamilyNameRecommendation.test_check_opentype_familyname(): OK
bakery_lint.tests.downstream.test_check_name_table_recommendation.CheckOTStyleNameRecommendation.test_check_opentype_stylename(): FAIL
$ fontbakery-fix-opentype-names.py /home/travis/build/fontdirectory/nanumgothic/builds/build/NanumGothic-ExtraBold.ttf
$ mv /home/travis/build/fontdirectory/nanumgothic/builds/build/NanumGothic-ExtraBold.ttf.fix /home/travis/build/fontdirectory/nanumgothic/builds/build/NanumGothic-ExtraBold.ttf
bakery_lint.tests.downstream.test_check_name_table_recommendation.CheckOTStyleNameRecommendation.test_check_opentype_stylename(): FAIL
bakery_lint.tests.downstream.test_check_name_table_recommendation.CheckOTFullNameRecommendation.test_check_opentype_fullname(): OK
bakery_lint.tests.downstream.test_check_magic_prep_code.CheckMagicPREPByteCode.test_prep_magic_code(): FAIL
bakery_lint.tests.downstream.test_check_license_included.CheckLicenseIncluded.test_license_included_in_font_names(): OK
bakery_lint.tests.downstream.test_check_italic_angle_agreement.CheckItalicAngleAgreement.test_check_italic_angle_agreement(): OK
bakery_lint.tests.downstream.test_check_hmtx_hhea_max_advance_width_agreement.CheckHmtxHheaMaxAdvanceWidthAgreement.test_check_hmtx_hhea_max_advance_width_agreement(): OK
bakery_lint.tests.downstream.test_check_glyph_existence.CheckGlyphExistence.test_euro(): OK
bakery_lint.tests.downstream.test_check_glyph_existence.CheckGlyphExistence.test_nbsp(): OK
bakery_lint.tests.downstream.test_check_glyph_existence.CheckGlyphExistence.test_space(): OK
bakery_lint.tests.downstream.test_check_glyf_table_length.CheckGlyfTableLength.test_check_glyf_table_length(): FAIL
bakery_lint.tests.downstream.test_check_full_font_name_begins_with_family_name.CheckFullFontNameBeginsWithFamilyName.test_check_full_font_name_begins_with_family_name(): OK
bakery_lint.tests.downstream.test_check_fontname_matches_macstyle.CheckFontNameEqualToMacStyleFlags.test_fontname_is_equal_to_macstyle(): FAIL
bakery_lint.tests.downstream.test_check_font_tables.CheckFontHasDsigTable.test_check_font_has_dsig_table(): FAIL
$ fontbakery-fix-dsig.py /home/travis/build/fontdirectory/nanumgothic/builds/build/NanumGothic-ExtraBold.ttf
$ mv /home/travis/build/fontdirectory/nanumgothic/builds/build/NanumGothic-ExtraBold.ttf.fix /home/travis/build/fontdirectory/nanumgothic/builds/build/NanumGothic-ExtraBold.ttf
bakery_lint.tests.downstream.test_check_font_tables.CheckFontHasDsigTable.test_check_font_has_dsig_table(): OK
bakery_lint.tests.downstream.test_check_font_tables.CheckFontHasNotKernTable.test_no_kern_table_exists(): OK
bakery_lint.tests.downstream.test_check_font_agreements.CheckFsTypeIsNotSet.test_is_fstype_not_set(): FAIL
$ fontbakery-fix-fstype.py --autofix /home/travis/build/fontdirectory/nanumgothic/builds/build/NanumGothic-ExtraBold.ttf
$ mv /home/travis/build/fontdirectory/nanumgothic/builds/build/NanumGothic-ExtraBold.ttf.fix /home/travis/build/fontdirectory/nanumgothic/builds/build/NanumGothic-ExtraBold.ttf
bakery_lint.tests.downstream.test_check_font_agreements.CheckFsTypeIsNotSet.test_is_fstype_not_set(): OK
$ fontbakery-fix-fstype.py --autofix /home/travis/build/fontdirectory/nanumgothic/builds/build/NanumGothic-ExtraBold.ttf
$ mv /home/travis/build/fontdirectory/nanumgothic/builds/build/NanumGothic-ExtraBold.ttf.fix /home/travis/build/fontdirectory/nanumgothic/builds/build/NanumGothic-ExtraBold.ttf
bakery_lint.tests.downstream.test_check_font_agreements.CheckFontAgreements.test_em_is_1000(): OK
bakery_lint.tests.downstream.test_check_font_agreements.CheckFontAgreements.test_font_is_font(): OK
bakery_lint.tests.downstream.test_check_font_agreements.CheckFontAgreements.test_latin_file_exists(): FAIL
bakery_lint.tests.downstream.test_check_font_agreements.CheckFontAgreements.test_menu_file_exists(): FAIL
### Optimize TTF NanumGothic-ExtraBold.ttf
$ ls -l 'NanumGothic-ExtraBold.ttf'* # look at the size savings of that subset process
NanumGothic-ExtraBold.ttf.opt: 2343772 bytes
NanumGothic-ExtraBold.ttf: 2344788 bytes
$ mv /home/travis/build/fontdirectory/nanumgothic/builds/build/NanumGothic-ExtraBold.ttf.opt /home/travis/build/fontdirectory/nanumgothic/builds/build/NanumGothic-ExtraBold.ttf
### Autohint TTFs (ttfautohint) NanumGothic-ExtraBold.ttf
$ ttfautohint -l 7 -r 28 -G 50 -x 13 -w "G" /home/travis/build/fontdirectory/nanumgothic/builds/build/NanumGothic-ExtraBold.ttf '/home/travis/build/fontdirectory/nanumgothic/builds/build/NanumGothic-ExtraBold.autohint.ttf'

$ ls -l /home/travis/build/fontdirectory/nanumgothic/builds/build/NanumGothic-ExtraBold.*ttf # look at the size savings of that subset process
/home/travis/build/fontdirectory/nanumgothic/builds/build/NanumGothic-ExtraBold.ttf: 2343772 bytes
/home/travis/build/fontdirectory/nanumgothic/builds/build/NanumGothic-ExtraBold.autohint.ttf: 1968760 bytes
$ mv /home/travis/build/fontdirectory/nanumgothic/builds/build/NanumGothic-ExtraBold.autohint.ttf /home/travis/build/fontdirectory/nanumgothic/builds/build/NanumGothic-ExtraBold.ttf
### Subset TTFs (pyftsubset) NanumGothic-ExtraBold.ttf
$ pyftsubset NanumGothic-ExtraBold.latin
$ pyftsubset NanumGothic-ExtraBold.menu
strippedname:/home/travis/build/fontdirectory/nanumgothic/builds/build/NanumGothic-ExtraBold.ttf
spaceWidth is    280
nbspWidth is     280
Nothing to do
### Test NanumGothic-Bold.ttf
$ fontbakery-check.py result NanumGothic-Bold.ttf
bakery_lint.tests.downstream.test_names_are_ascii_only.CheckNamesAreASCIIOnly.test_check_names_are_ascii_only(): FAIL
$ fontbakery-fix-ascii-fontmetadata.py /home/travis/build/fontdirectory/nanumgothic/builds/build/NanumGothic-Bold.ttf
$ mv /home/travis/build/fontdirectory/nanumgothic/builds/build/NanumGothic-Bold.ttf.fix /home/travis/build/fontdirectory/nanumgothic/builds/build/NanumGothic-Bold.ttf
bakery_lint.tests.downstream.test_names_are_ascii_only.CheckNamesAreASCIIOnly.test_check_names_are_ascii_only(): OK
bakery_lint.tests.downstream.test_gpos_table_has_kerning_info.CheckGposTableHasKerningInfo.test_gpos_table_has_kerning_info(): FAIL
bakery_lint.tests.downstream.test_gasp_table_value.CheckGaspTableType.test_check_gasp_table_type(): OK
$ fontbakery-fix-gasp.py --set=15 /home/travis/build/fontdirectory/nanumgothic/builds/build/NanumGothic-Bold.ttf
$ mv /home/travis/build/fontdirectory/nanumgothic/builds/build/NanumGothic-Bold.ttf.fix /home/travis/build/fontdirectory/nanumgothic/builds/build/NanumGothic-Bold.ttf
Warning: Mac and Windows entries in the 'name' table differ for the
 Family string in the language Korean
 Mac String: 3a (r)in
Windows String: 2a
Warning: Mac and Windows entries in the 'name' table differ for the
 Fullname string in the language Korean
 Mac String: 3a (r)in Bold
Windows String:  Bold
Warning: Mac and Windows entries in the 'name' table differ for the
 Designer string in the language Korean
 Mac String: C14(r); 3eC; AO14oi;
Windows String: ; ; ;
bakery_lint.tests.downstream.test_fontforge_validation_state.FontForgeValidateStateTest.test_allowed_numbers_paths_in_composite_glyphs(): OK
bakery_lint.tests.downstream.test_fontforge_validation_state.FontForgeValidateStateTest.test_allowed_numbers_paths_in_glyphs(): OK
bakery_lint.tests.downstream.test_fontforge_validation_state.FontForgeValidateStateTest.test_allowed_numbers_points_in_composite_glyphs(): OK
bakery_lint.tests.downstream.test_fontforge_validation_state.FontForgeValidateStateTest.test_allowed_numbers_points_in_glyphs(): OK
bakery_lint.tests.downstream.test_fontforge_validation_state.FontForgeValidateStateTest.test_duplicate_glyphs(): OK
bakery_lint.tests.downstream.test_fontforge_validation_state.FontForgeValidateStateTest.test_duplicate_unicode_codepoints(): OK
bakery_lint.tests.downstream.test_fontforge_validation_state.FontForgeValidateStateTest.test_flipped_reference_in_glyphs(): OK
bakery_lint.tests.downstream.test_fontforge_validation_state.FontForgeValidateStateTest.test_missing_anchors(): OK
bakery_lint.tests.downstream.test_fontforge_validation_state.FontForgeValidateStateTest.test_missing_extrema_in_glyphs(): FAIL
bakery_lint.tests.downstream.test_fontforge_validation_state.FontForgeValidateStateTest.test_overlapped_hints(): OK
bakery_lint.tests.downstream.test_fontforge_validation_state.FontForgeValidateStateTest.test_points_are_integer_aligned(): OK
bakery_lint.tests.downstream.test_fontforge_validation_state.FontForgeValidateStateTest.test_points_are_not_too_far_apart(): OK
bakery_lint.tests.downstream.test_fontforge_validation_state.FontForgeValidateStateTest.test_postscript_hasnt_limit_hints_in_glyphs(): OK
bakery_lint.tests.downstream.test_fontforge_validation_state.FontForgeValidateStateTest.test_postscript_hasnt_limit_points_in_glyphs(): OK
bakery_lint.tests.downstream.test_fontforge_validation_state.FontForgeValidateStateTest.test_referenced_glyphs_are_present(): OK
bakery_lint.tests.downstream.test_fontforge_validation_state.FontForgeValidateStateTest.test_valid_glyph_names(): OK
bakery_lint.tests.downstream.test_fontforge_validation_state.FontForgeValidateStateTest.test_valid_length_instructions(): OK
bakery_lint.tests.downstream.test_fontforge_validation_state.FontForgeValidateStateTest.test_validation_glyph_intersect(): FAIL
bakery_lint.tests.downstream.test_fontforge_validation_state.FontForgeValidateStateTest.test_validation_open_contours(): OK
bakery_lint.tests.downstream.test_fontforge_validation_state.FontForgeValidateStateTest.test_wrong_direction_in_glyphs(): FAIL
bakery_lint.tests.downstream.test_check_vertical_metrics.CheckVerticalLinegapMetrics.test_metrics_linegaps_are_zero(): OK
bakery_lint.tests.downstream.test_check_vertical_metrics.CheckVerticalAscentMetrics.test_metrics_ascents_equal_bbox(): OK
bakery_lint.tests.downstream.test_check_vertical_metrics.CheckVerticalDescentMetrics.test_metrics_descents_equal_bbox(): OK
bakery_lint.tests.downstream.test_check_upm_heights_less_120.TestCheckUPMHeightsLess120.test_check_upm_heigths_less_120(): OK
bakery_lint.tests.downstream.test_check_unused_glyph_data.CheckUnusedGlyphData.test_check_unused_glyph_data(): ERROR
bakery_lint.tests.downstream.test_check_unencoded_glyph.TestFontUnencodedGlyph.test_font_unencoded_glyphs(): ERROR
bakery_lint.tests.downstream.test_check_panose_identification.CheckPanoseIdentification.test_check_panose_identification(): OK
bakery_lint.tests.downstream.test_check_os2_width_class.CheckOS2WidthClass.test_check_os2_width_class(): OK
bakery_lint.tests.downstream.test_check_no_problematic_formats.CheckNoProblematicFormats.test_check_no_problematic_formats(): OK
bakery_lint.tests.downstream.test_check_nbsp_width_matches_sp_width.CheckNbspWidthMatchesSpWidth.test_check_nbsp_width_matches_sp_width(): FAIL
$ fontbakery-fix-nbsp.py /home/travis/build/fontdirectory/nanumgothic/builds/build/NanumGothic-Bold.ttf
$ mv /home/travis/build/fontdirectory/nanumgothic/builds/build/NanumGothic-Bold.ttf.fix /home/travis/build/fontdirectory/nanumgothic/builds/build/NanumGothic-Bold.ttf
bakery_lint.tests.downstream.test_check_nbsp_width_matches_sp_width.CheckNbspWidthMatchesSpWidth.test_check_nbsp_width_matches_sp_width(): FAIL
bakery_lint.tests.downstream.test_check_names_same_across_platforms.CheckNamesSameAcrossPlatforms.test_check_names_same_across_platforms(): OK
bakery_lint.tests.downstream.test_check_name_table_recommendation.CheckStyleNameRecommendation.test_check_stylename_is_under_recommendations(): OK
bakery_lint.tests.downstream.test_check_name_table_recommendation.CheckOTFamilyNameRecommendation.test_check_opentype_familyname(): OK
bakery_lint.tests.downstream.test_check_name_table_recommendation.CheckOTStyleNameRecommendation.test_check_opentype_stylename(): OK
bakery_lint.tests.downstream.test_check_name_table_recommendation.CheckOTFullNameRecommendation.test_check_opentype_fullname(): FAIL
$ fontbakery-fix-opentype-names.py /home/travis/build/fontdirectory/nanumgothic/builds/build/NanumGothic-Bold.ttf
$ mv /home/travis/build/fontdirectory/nanumgothic/builds/build/NanumGothic-Bold.ttf.fix /home/travis/build/fontdirectory/nanumgothic/builds/build/NanumGothic-Bold.ttf
bakery_lint.tests.downstream.test_check_name_table_recommendation.CheckOTFullNameRecommendation.test_check_opentype_fullname(): OK
bakery_lint.tests.downstream.test_check_magic_prep_code.CheckMagicPREPByteCode.test_prep_magic_code(): FAIL
bakery_lint.tests.downstream.test_check_license_included.CheckLicenseIncluded.test_license_included_in_font_names(): OK
bakery_lint.tests.downstream.test_check_italic_angle_agreement.CheckItalicAngleAgreement.test_check_italic_angle_agreement(): OK
bakery_lint.tests.downstream.test_check_hmtx_hhea_max_advance_width_agreement.CheckHmtxHheaMaxAdvanceWidthAgreement.test_check_hmtx_hhea_max_advance_width_agreement(): OK
bakery_lint.tests.downstream.test_check_glyph_existence.CheckGlyphExistence.test_euro(): OK
bakery_lint.tests.downstream.test_check_glyph_existence.CheckGlyphExistence.test_nbsp(): OK
bakery_lint.tests.downstream.test_check_glyph_existence.CheckGlyphExistence.test_space(): OK
bakery_lint.tests.downstream.test_check_glyf_table_length.CheckGlyfTableLength.test_check_glyf_table_length(): FAIL
bakery_lint.tests.downstream.test_check_full_font_name_begins_with_family_name.CheckFullFontNameBeginsWithFamilyName.test_check_full_font_name_begins_with_family_name(): FAIL
bakery_lint.tests.downstream.test_check_fontname_matches_macstyle.CheckFontNameEqualToMacStyleFlags.test_fontname_is_equal_to_macstyle(): FAIL
bakery_lint.tests.downstream.test_check_font_tables.CheckFontHasDsigTable.test_check_font_has_dsig_table(): FAIL
$ fontbakery-fix-dsig.py /home/travis/build/fontdirectory/nanumgothic/builds/build/NanumGothic-Bold.ttf
$ mv /home/travis/build/fontdirectory/nanumgothic/builds/build/NanumGothic-Bold.ttf.fix /home/travis/build/fontdirectory/nanumgothic/builds/build/NanumGothic-Bold.ttf
bakery_lint.tests.downstream.test_check_font_tables.CheckFontHasDsigTable.test_check_font_has_dsig_table(): OK
bakery_lint.tests.downstream.test_check_font_tables.CheckFontHasNotKernTable.test_no_kern_table_exists(): OK
bakery_lint.tests.downstream.test_check_font_agreements.CheckFsTypeIsNotSet.test_is_fstype_not_set(): FAIL
$ fontbakery-fix-fstype.py --autofix /home/travis/build/fontdirectory/nanumgothic/builds/build/NanumGothic-Bold.ttf
$ mv /home/travis/build/fontdirectory/nanumgothic/builds/build/NanumGothic-Bold.ttf.fix /home/travis/build/fontdirectory/nanumgothic/builds/build/NanumGothic-Bold.ttf
bakery_lint.tests.downstream.test_check_font_agreements.CheckFsTypeIsNotSet.test_is_fstype_not_set(): OK
$ fontbakery-fix-fstype.py --autofix /home/travis/build/fontdirectory/nanumgothic/builds/build/NanumGothic-Bold.ttf
$ mv /home/travis/build/fontdirectory/nanumgothic/builds/build/NanumGothic-Bold.ttf.fix /home/travis/build/fontdirectory/nanumgothic/builds/build/NanumGothic-Bold.ttf
bakery_lint.tests.downstream.test_check_font_agreements.CheckFontAgreements.test_em_is_1000(): OK
bakery_lint.tests.downstream.test_check_font_agreements.CheckFontAgreements.test_font_is_font(): OK
bakery_lint.tests.downstream.test_check_font_agreements.CheckFontAgreements.test_latin_file_exists(): FAIL
bakery_lint.tests.downstream.test_check_font_agreements.CheckFontAgreements.test_menu_file_exists(): FAIL
### Optimize TTF NanumGothic-Bold.ttf
$ ls -l 'NanumGothic-Bold.ttf'* # look at the size savings of that subset process
NanumGothic-Bold.ttf.opt: 2289372 bytes
NanumGothic-Bold.ttf: 2290336 bytes
$ mv /home/travis/build/fontdirectory/nanumgothic/builds/build/NanumGothic-Bold.ttf.opt /home/travis/build/fontdirectory/nanumgothic/builds/build/NanumGothic-Bold.ttf
### Autohint TTFs (ttfautohint) NanumGothic-Bold.ttf
$ ttfautohint -l 7 -r 28 -G 50 -x 13 -w "G" /home/travis/build/fontdirectory/nanumgothic/builds/build/NanumGothic-Bold.ttf '/home/travis/build/fontdirectory/nanumgothic/builds/build/NanumGothic-Bold.autohint.ttf'

$ ls -l /home/travis/build/fontdirectory/nanumgothic/builds/build/NanumGothic-Bold.*ttf # look at the size savings of that subset process
/home/travis/build/fontdirectory/nanumgothic/builds/build/NanumGothic-Bold.ttf: 2289372 bytes
/home/travis/build/fontdirectory/nanumgothic/builds/build/NanumGothic-Bold.autohint.ttf: 1916636 bytes
$ mv /home/travis/build/fontdirectory/nanumgothic/builds/build/NanumGothic-Bold.autohint.ttf /home/travis/build/fontdirectory/nanumgothic/builds/build/NanumGothic-Bold.ttf
### Subset TTFs (pyftsubset) NanumGothic-Bold.ttf
$ pyftsubset NanumGothic-Bold.latin
$ pyftsubset NanumGothic-Bold.menu
strippedname:/home/travis/build/fontdirectory/nanumgothic/builds/build/NanumGothic-Bold.ttf
spaceWidth is    280
nbspWidth is     280
Nothing to do
### (5 of 6) Generate METADATA.json (fontbakery-build-metadata.py)
$ fontbakery-build-metadata.py /home/travis/build/fontdirectory/nanumgothic/builds/build
{} exists
Designer's name from font is: Bruce Kwon; Nicolas Noh; Sung-woo Choi;
Original size: 1893060\nGzip size: 677449
Family Name: NanumGothic
PS Name: NanumGothic-Bold
Full Name: NanumGothic Bold
Style: normal
Weight: 700
Filename: NanumGothic-Bold.ttf
Copyright: Copyright (c) 2010 NHN Corporation. All rights reserved. Font designed by Sandoll Communications Inc.
Family Name: NanumGothic
PS Name: NanumGothic-ExtraBold
Full Name: NanumGothicExtraBold
Style: normal
Weight: 800
Filename: NanumGothic-ExtraBold.ttf
Copyright: Copyright (c) 2010 NHN Corporation. All rights reserved. Font designed by Sandoll Communications Inc.
Family Name: NanumGothic
PS Name: NanumGothic
Full Name: NanumGothic
Style: normal
Weight: 400
Filename: NanumGothic-Regular.ttf
Copyright: Copyright (c) 2010 NHN Corporation. All rights reserved. Font designed by Sandoll Communications Inc.
### (6 of 6) Run tests for METADATA.json
$ fontbakery-check.py metadata METADATA.json
bakery_lint.tests.metadata_test.MetadataSubsetsListTest.test_charset_korean(): FAIL
bakery_lint.tests.metadata_test.MetadataSubsetsListTest.test_charset_menu(): OK
bakery_lint.tests.metadata_test.MetadataTest.test_description_is_more_than_500b(): OK
bakery_lint.tests.metadata_test.MetadataTest.test_description_is_valid_html(): FAIL
bakery_lint.tests.metadata_test.MetadataTest.test_does_not_familyName_exist_in_daltonmaag_catalogue(): FAIL
bakery_lint.tests.metadata_test.MetadataTest.test_does_not_familyName_exist_in_fontbureau_catalogue(): OK
bakery_lint.tests.metadata_test.MetadataTest.test_does_not_familyName_exist_in_fontscom_catalogue(): OK
bakery_lint.tests.metadata_test.MetadataTest.test_does_not_familyName_exist_in_fontshop_catalogue(): FAIL
bakery_lint.tests.metadata_test.MetadataTest.test_does_not_familyName_exist_in_fontsmith_catalogue(): FAIL
bakery_lint.tests.metadata_test.MetadataTest.test_does_not_familyName_exist_in_houseind_catalogue(): OK
bakery_lint.tests.metadata_test.MetadataTest.test_does_not_familyName_exist_in_myfonts_catalogue(): OK
bakery_lint.tests.metadata_test.MetadataTest.test_does_not_familyName_exist_in_veer_catalogue(): OK
bakery_lint.tests.metadata_test.MetadataTest.test_family_is_listed_in_gwf(): FAIL
bakery_lint.tests.metadata_test.MetadataTest.test_metadata_atleast_latin_menu_subsets_exist(): FAIL
/home/travis/virtualenv/python2.7.8/lib/python2.7/site-packages/bakery_lint/tests/metadata_test.py:141: UnicodeWarning: Unicode equal comparison failed to convert both arguments to Unicode - interpreting them as being unequal
  self.assertTrue(designer in designers,
bakery_lint.tests.metadata_test.MetadataTest.test_metadata_designer_exists_in_profiles_csv(): FAIL
bakery_lint.tests.metadata_test.MetadataTest.test_metadata_fonts_items_dicts(): OK
bakery_lint.tests.metadata_test.MetadataTest.test_metadata_fonts_key_list(): OK
bakery_lint.tests.metadata_test.MetadataTest.test_metadata_fonts_no_dupes(): OK
bakery_lint.tests.metadata_test.MetadataTest.test_metadata_has_unique_style_weight_pairs(): OK
bakery_lint.tests.metadata_test.MetadataTest.test_metadata_keys(): OK
bakery_lint.tests.metadata_test.MetadataTest.test_metadata_license(): OK
bakery_lint.tests.metadata_test.MetadataTest.test_metadata_no_unknown_top_keys(): OK
bakery_lint.tests.metadata_test.MetadataTest.test_metadata_subsets_key_list(): OK
bakery_lint.tests.metadata_test.MetadataTest.test_metadata_top_keys_types(): OK
bakery_lint.tests.downstream.test_metadata_font_copyright.CheckMetadataContainsReservedFontName.test_copyright_contains_correct_rfn(): FAIL
bakery_lint.tests.downstream.test_metadata_font_copyright.CheckMetadataContainsReservedFontName.test_copyright_is_consistent_across_family(): OK
bakery_lint.tests.downstream.test_metadata_font_copyright.CheckMetadataContainsReservedFontName.test_copyright_matches_pattern(): FAIL
bakery_lint.tests.downstream.test_metadata_font_copyright.CheckMetadataContainsReservedFontName.test_metadata_copyright_size(): OK
bakery_lint.tests.downstream.test_metadata_agreements.TestFontOnDiskFamilyEqualToMetadataJSON.test_font_on_disk_family_equal_in_metadata_json(): FAIL
bakery_lint.tests.downstream.test_metadata_agreements.TestPostScriptNameInMetadataEqualFontOnDisk.test_postscriptname_in_metadata_equal_to_font_on_disk(): FAIL
bakery_lint.tests.downstream.test_metadata_agreements.CheckMetadataAgreements.test_font_name_matches_family(): FAIL
bakery_lint.tests.downstream.test_metadata_agreements.CheckMetadataAgreements.test_metadata_family_values_are_all_the_same(): OK
bakery_lint.tests.downstream.test_metadata_agreements.CheckMetadataAgreements.test_metadata_filename_matches_postscriptname(): FAIL
bakery_lint.tests.downstream.test_metadata_agreements.CheckMetadataAgreements.test_metadata_font_have_regular(): OK
bakery_lint.tests.downstream.test_metadata_agreements.CheckMetadataAgreements.test_metadata_fonts_fields_have_fontname(): FAIL
bakery_lint.tests.downstream.test_metadata_agreements.CheckMetadataAgreements.test_metadata_fullname_is_equal_to_internal_font_fullname(): FAIL
bakery_lint.tests.downstream.test_metadata_agreements.CheckMetadataAgreements.test_metadata_fullname_matches_postScriptName(): OK
bakery_lint.tests.downstream.test_metadata_agreements.CheckMetadataAgreements.test_metadata_regular_is_400(): OK
bakery_lint.tests.downstream.test_metadata_agreements.CheckMetadataAgreements.test_metadata_regular_is_normal(): FAIL
bakery_lint.tests.downstream.test_check_text_files_exist.CheckTextFilesExist.test_copyrighttxt_exists(): FAIL
bakery_lint.tests.downstream.test_check_text_files_exist.CheckTextFilesExist.test_description_exists(): OK
bakery_lint.tests.downstream.test_check_text_files_exist.CheckTextFilesExist.test_fontlogtxt_exists(): FAIL
bakery_lint.tests.downstream.test_check_text_files_exist.CheckTextFilesExist.test_licensetxt_exists(): FAIL
bakery_lint.tests.downstream.test_check_subsets_exists.CheckSubsetsExist.test_check_subsets_exists(): FAIL
bakery_lint.tests.downstream.test_check_monospace_agreements.CheckMonospaceAgreement.test_check_monospace_agreement(): OK
bakery_lint.tests.downstream.test_check_metadata_style_matches_names.CheckItalicStyleMatchesMacStyle.test_check_italic_style_matches_names(): OK
bakery_lint.tests.downstream.test_check_metadata_style_matches_names.CheckNormalStyleMatchesMacStyle.test_check_normal_style_matches_names(): OK
bakery_lint.tests.downstream.test_check_metadata_matches_nametable.CheckMetadataMatchesNameTable.test_check_metadata_matches_nametable(): FAIL
bakery_lint.tests.downstream.test_check_metadata_fields.CheckMetadataFields.test_check_metadata_fields(): OK
bakery_lint.tests.downstream.test_check_menu_contains_proper_glyphs.CheckMenuSubsetContainsProperGlyphs.test_check_menu_contains_proper_glyphs(): FAIL
bakery_lint.tests.downstream.test_check_glyph_consistency.CheckGlyphConsistencyInFamily.test_the_same_encodings_of_glyphs_across_family(): OK
bakery_lint.tests.downstream.test_check_glyph_consistency.CheckGlyphConsistencyInFamily.test_the_same_names_of_glyphs_across_family(): FAIL
bakery_lint.tests.downstream.test_check_glyph_consistency.CheckGlyphConsistencyInFamily.test_the_same_number_of_glyphs_across_family(): FAIL
bakery_lint.tests.downstream.test_check_font_name_not_in_camelcase.CheckFontNameNotInCamelCase.test_fontname_not_in_camel_case(): OK
bakery_lint.tests.downstream.test_check_files_menu_agreements.CheckFontsMenuAgreements.test_menu_file_agreement(): OK
bakery_lint.tests.downstream.test_check_familyname_matches_fontnames.CheckFamilyNameMatchesFontNames.test_check_familyname_matches_fontnames(): OK
bakery_lint.tests.downstream.test_check_canonical_weights.CheckCanonicalWeights.test_check_canonical_weights(): FAIL
bakery_lint.tests.downstream.test_check_canonical_weights.CheckPostScriptNameMatchesWeight.test_postscriptname_contains_correct_weight(): FAIL
bakery_lint.tests.downstream.test_check_canonical_weights.CheckFontWeightSameAsInMetadata.test_font_weight_same_as_in_metadata(): FAIL
bakery_lint.tests.downstream.test_check_canonical_weights.CheckFullNameEqualCanonicalName.test_metadata_contains_current_font(): OK
bakery_lint.tests.downstream.test_check_canonical_styles.CheckCanonicalStyles.test_check_canonical_styles(): OK
bakery_lint.tests.downstream.test_check_canonical_filenames.CheckCanonicalFilenames.test_check_canonical_filenames(): FAIL
{
  "name": "Nanum Gothic", 
  "designer": "Sandoll Communication", 
  "license": "OFL", 
  "visibility": "Sandbox", 
  "category": "Handwriting", 
  "size": 1016468, 
  "fonts": [
    {
      "name": "NanumGothic", 
      "postScriptName": "NanumGothic-Bold", 
      "fullName": "NanumGothic Bold", 
      "style": "normal", 
      "weight": 700, 
      "filename": "NanumGothic-Bold.ttf", 
      "copyright": "Copyright (c) 2010 NHN Corporation. All rights reserved. Font designed by Sandoll Communications Inc."
    }, 
    {
      "name": "NanumGothic", 
      "postScriptName": "NanumGothic-ExtraBold", 
      "fullName": "NanumGothicExtraBold", 
      "style": "normal", 
      "weight": 800, 
      "filename": "NanumGothic-ExtraBold.ttf", 
      "copyright": "Copyright (c) 2010 NHN Corporation. All rights reserved. Font designed by Sandoll Communications Inc."
    }, 
    {
      "name": "NanumGothic", 
      "postScriptName": "NanumGothic", 
      "fullName": "NanumGothic", 
      "style": "normal", 
      "weight": 400, 
      "filename": "NanumGothic-Regular.ttf", 
      "copyright": "Copyright (c) 2010 NHN Corporation. All rights reserved. Font designed by Sandoll Communications Inc."
    }
  ], 
  "subsets": [
    "latin", 
    "menu"
  ], 
  "dateAdded": "2012-05-09"
}
